// =============================================================================
// Scilab ( http://www.scilab.org/ ) - This file is part of Scilab
// Copyright (C) ????-2008 - INRIA
//
//  This file is distributed under the same license as the Scilab package.
// =============================================================================
// <-- Non-regression test for bug 477 -->
//
// <-- Bugzilla URL -->
// http://bugzilla.scilab.org/show_bug.cgi?id=477
//
// <-- Short Description -->
//    Bug Report Id: 12044200362419444
//     %hm_maxi and %hm_mini are indeed currently defined with a _single_ return argument. IMHO they should be extended analogously to max, min and %hm_find, returning optionally either a vector of indices of the max/min.
//
//    On Scilab CVS with " %hm_maxi, %hm_mini " function
//    The Error Messages are:
//     -->a=hypermat([3,3,1],1:9);
//
//    -->[m]=max(a)
//     i  =
//
//     9.
//
//    -->[m,i]=max(a)
//                 !--error    59
//    incorrect # of outputs in the function
//    arguments are :
//     x
//
//    -->[m,i,j,k]=max(a)
//                     !--error    78
// ...
a   = hypermat([1,3,3],1:9);
if max(a)<>9 then bugmes();quit;end
result = execstr("[n,i]=max(a)","errcatch","n");
if result <> 0 then bugmes();quit;end
if result == 0 then
   if n<>9 then bugmes();quit;end
   if or(i<>[1,3,3]) then bugmes();quit;end        
end
if execstr("[m,i,j,k]=max(a)","errcatch","n") <> 78 then bugmes();quit;end
