// =============================================================================
// Scilab ( http://www.scilab.org/ ) - This file is part of Scilab
// Copyright (C) 2008 - INRIA - Vincent COUVERT
// Copyright (C) 2013 - Scilab Enterprises - Adeline CARNIS
//
//  This file is distributed under the same license as the Scilab package.
// =============================================================================
// <-- CLI SHELL MODE -->
// <-- Non-regression test for bug 167 -->
//
// <-- Bugzilla URL -->
// http://bugzilla.scilab.org/show_bug.cgi?id=167
//
// <-- Short Description -->
//    sprintf error
assert_checkequal(sprintf("%e", 1e-10), "1.000000e-10");
