// =============================================================================
// Scilab ( http://www.scilab.org/ ) - This file is part of Scilab
// Copyright (C) 2008 - INRIA
// Copyright (C) 2009 - DIGITEO
//
//  This file is distributed under the same license as the Scilab package.
// =============================================================================
// <-- ENGLISH IMPOSED -->
load(fullfile(SCI,'modules','scicos','tests','unit_tests','pendulum_anim45.cos'));
M=10;
m=3;
l=3;
ph=0.1;
scs_m = scs_m.objs(5).model.rpar;
[X,U,Y,XP] = steadycos(scs_m,[],[],[],[],1,1:$);
 
 Compile and link Scicos C BLOCK code   
   Generate a loader file
   Generate a Makefile
   ilib_gen_Make: Copy compilation files (Makefile*, libtool...) to TMPDIR
   ilib_gen_Make: Copy inv_pend.c to TMPDIR
   ilib_gen_Make: configure : Generate Makefile.
   ilib_gen_Make: Modification of the Makefile in TMPDIR.
   Running the Makefile
Shared archive loaded.
Link done.
