// =============================================================================
// Copyright (C) 2011 - INRIA - Michael Baudin
// Copyright (C) 2010 - 2011 - INRIA - Allan CORNET
// =============================================================================
// <-- CLI SHELL MODE -->
// =============================================================================
path = SCI+"/modules/spreadsheet/tests/unit_tests/";
// =============================================================================
filename = fullfile(path, "csv_regexp.csv");
[y, x] = csvRead(filename, [], [], [], [], "/\/\//");
ref_x = ["// tata"; ..
         "// titi"; ..
         "// toto"; ..
         "// tutu"];
ref_y = [    1.    0.    0.    0.    0.  ; ..
             0.    1.    0.    0.    0.  ; ..
             0.    0.    1.    0.    0.];
assert_checkequal (ref_x , x);
assert_checkequal (ref_y , y);
// =============================================================================
