 
getf SCI/util/testexamples.sci
 
reinit_for_test()
 
%U=mopen('SCI/tests/graphical_tests/set_posfig_dim_data.ref','rb');
 
// make a figure with a specific shape
 
f = scf(0);f('figure_size') = [800,300];
 
%ans = plot2d();

Demo of plot2d()
========================================
x=(0:0.1:2*%pi)';plot2d(x,[sin(x),sin(2*x),sin(3*x)],style=[-1,-2,3],rect=[0,-2,2*%pi,2]);

 
if load_ref('%ans') then   bugmes();quit;end,
 
 
%ans = set_posfig_dim(f.figure_size(1), f.figure_size(2));
 
if load_ref('%ans') then   bugmes();quit;end,
 
 
filename = 'foo';// ! no extension
 
%ans = xs2ps(0, filename);
 
if load_ref('%ans') then   bugmes();quit;end,
 
 
//add the Postscript file header and create <filename>.eps file
 
if MSDOS then
  %ans = unix_s(pathconvert('""' + WSCI + '/bin/BEpsf' + '""', %f) + ' -p ' + filename);
  if load_ref('%ans') then   bugmes();quit;end,
else
  %ans = unix_s(pathconvert('SCI/bin/BEpsf', %f) + ' -p ' + filename);
  if load_ref('%ans') then   bugmes();quit;end,
end,
 
 
xdel_run(winsid());
 
 
mclose(%U);
 
