//===============================
// unit tests isletter
// INRIA 2007
//===============================
TXT = 'A1,B2,C3';
//===============================
if isletter(TXT) <> [%T %F %F %T %F %F %T %F] then bugmes();quit;end
//===============================
if isletter('') <> [] then bugmes();quit;end
//===============================
