// =============================================================================
// Scilab ( http://www.scilab.org/ ) - This file is part of Scilab
// Copyright (C) 2007-2008 - INRIA - Pierre MARECHAL <pierre .marechal@inria.fr>
//
//  This file is distributed under the same license as the Scilab package.
// =============================================================================
// <-- JVM NOT MANDATORY -->
if ~isnum('%pi')       then bugmes();quit;end
if ~isnum('1')         then bugmes();quit;end
if ~isnum('1.2')       then bugmes();quit;end
if ~isnum('+1.2')      then bugmes();quit;end
if ~isnum('-1.2')      then bugmes();quit;end
if ~isnum('1e2')       then bugmes();quit;end
if ~isnum('1d2')       then bugmes();quit;end
if ~isnum('1E2')       then bugmes();quit;end
if ~isnum('1D2')       then bugmes();quit;end
if ~isnum('1e+2')      then bugmes();quit;end
if ~isnum('1e-2')      then bugmes();quit;end
if ~isnum('+1e+2')     then bugmes();quit;end
if ~isnum('-1e+2')     then bugmes();quit;end
if ~isnum('-12e+3')    then bugmes();quit;end
if ~isnum('-1.2e+3')   then bugmes();quit;end
if ~isnum('-1.2e+345') then bugmes();quit;end
if isnum('a')          then bugmes();quit;end
if isnum('e')          then bugmes();quit;end
if isnum('d')          then bugmes();quit;end
if isnum('E')          then bugmes();quit;end
if isnum('e')          then bugmes();quit;end
if isnum('-1.2a+345')  then bugmes();quit;end
if isnum('-1.2e+3+45') then bugmes();quit;end
if isnum('-1.2e+3+45') then bugmes();quit;end
if execstr("isnum(1)","errcatch") == 0 then bugmes();quit;end
