//<-- CLI SHELL MODE -->
// =============================================================================
// Scilab ( http://www.scilab.org/ ) - This file is part of Scilab
// Copyright (C) ????-2016 - INRIA - Serge Steer
//
//  This file is distributed under the same license as the Scilab package.
// =============================================================================
K=0.001;      // Minimum relative prediction error in the nyquist plan
Epss=0.002;   // minimum frequency distance with a singularity
nptmax=5000;  //maximum number of discretization points
pas=100/(2*%pi);
s=%s;
h=syslin("c",1/%s);n=1;
[f,bnds,split]=calfrq(h,0.01,100);
assert_checktrue(split==1);
rf=freq(h.num,h.den,2*%pi*%i*f);
//finite difference derivative estimate
ddf=diff(f)/pas;
drf=(freq(h.num,h.den,2*%pi*%i*(f(1:$-1)+ddf))-rf(:,1:$-1));
//error between computed and extrapolated value
e=rf(:,2:$)-(rf(:,1:$-1)+drf*pas);
assert_checktrue(max([abs(real(e))/max(bnds(2)-bnds(1),1); abs(imag(e))/max(bnds(4)- bnds(3),1)])<=K);
[f1,bnds1,split1]=calfrq(tf2ss(h),0.01,100);
assert_checkalmostequal(f,f1);
assert_checkalmostequal(bnds,bnds1);
assert_checkequal(split,split1);
[f1,bnds1,split1]=calfrq(zpk(h),0.01,100);
save TMPDIR/fii f1 bnds1 split1 f bnds split
assert_checkalmostequal(f,f1);
assert_checkalmostequal(bnds,bnds1);
assert_checkequal(split,split1);
return
