// =============================================================================
// Scilab ( http://www.scilab.org/ ) - This file is part of Scilab
// Copyright (C) 2013 - Scilab Enterprises - Vincent COUVERT
//
//  This file is distributed under the same license as the Scilab package.
// =============================================================================
// <-- CLI SHELL MODE -->
// <-- Non-regression test for bug 4048 -->
//
// <-- Bugzilla URL -->
// http://bugzilla.scilab.org/show_bug.cgi?id=4048
//
// <-- Short Description -->
// The pow function is not accurate on Linux.
assert_checkalmostequal(0.9999999999999999^-18014398509482000.0, 7.3890560989306637)
 ans  =
  T
