// =============================================================================
// Scilab ( http://www.scilab.org/ ) - This file is part of Scilab
// Copyright (C) 2005-2008 - INRIA - Pierre MARECHAL <pierre.marechal@inria.fr>
//
//  This file is distributed under the same license as the Scilab package.
// =============================================================================
// <-- Non-regression test for bug 1863 -->
//
// <-- Bugzilla URL -->
// http://bugzilla.scilab.org/show_bug.cgi?id=1863
//
// <-- Short Description -->
//Incomplete if while select (missing first expression are not well handled
pb=%f
 pb  =
 
  F  
try
  function foo
    if
    end
  endfunction
catch
  pb=%t
 pb  =
 
  T  
end
if ~pb  then bugmes();quit;end
pb=%f
 pb  =
 
  F  
try
  function foo1
    while
    end
  endfunction
catch
  pb=%t
 pb  =
 
  T  
end
if ~pb  then bugmes();quit;end
pb=%f
 pb  =
 
  F  
try
  function foo2
    select
    end
  endfunction
catch
  pb=%t
 pb  =
 
  T  
end
if ~pb  then bugmes();quit;end
