//<-- CLI SHELL MODE -->
// =============================================================================
// Scilab ( http://www.scilab.org/ ) - This file is part of Scilab
// Copyright (C) 2005-2010 - INRIA - Serge.Steer@inria.fr
//
//  This file is distributed under the same license as the Scilab package.
// =============================================================================
// <-- Non-regression test for bug6730 -->
//
// <-- Bugzilla URL -->
// http://bugzilla.scilab.org/show_bug.cgi?id=6730
//
// <-- Short Description -->
//problem with function calls when seen has member of an mlist
function [x,y,z]=myfun(varargin), x=varargin,y=2;z=3;,endfunction
function fun=%foo_e(name,M);  fun=myfun;endfunction
a=mlist('foo');
b=mlist(['foo','hello'],myfun);
c=mlist(['foo','hello'],list('xxxx','yyyyy','zzzzz'));
[x,y,z]=b.hello()
 z  = 
   3.
 y  = 
   2.
 x  = 
     ()
if x<>list()|y<>2|z<>3 then bugmes();quit;end
[x,y,z]=a.hello()
 z  = 
   3.
 y  = 
   2.
 x  = 
     ()
if x<>list()|y<>2|z<>3 then bugmes();quit;end
[x,y,z]=c.hello(1:3)
 z  = 
 zzzzz
 y  = 
 yyyyy
 x  = 
 xxxx
if x<>'xxxx'|y<>'yyyyy'|z<>'zzzzz' then bugmes();quit;end
function [x,y,z]=myfun(varargin), x=varargin,y=2;z=3;,endfunction
function fun=%foo_e(name,M);  fun=myfun;endfunction
a=mlist('foo');
b=mlist(['foo','hello'],myfun);
c=mlist(['foo','hello'],list('xxxx','yyyyy','zzzzz'));
if b.hello()<>list()  then bugmes();quit;end
if a.hello()<>list()  then bugmes();quit;end
if or(c.hello()<>list('xxxx','yyyyy','zzzzz')) then bugmes();quit;end
if or(b.hello(1:2)<>list(1:2))  then bugmes();quit;end
if or(a.hello(1:2)<>list(1:2))  then bugmes();quit;end
if c.hello(2)<>'yyyyy' then bugmes();quit;end
