// =============================================================================
// Scilab ( http://www.scilab.org/ ) - This file is part of Scilab
// Copyright (C) 2010 - DIGITEO - Vincent COUVERT <vincent.couvert@scilab.org>
//
//  This file is distributed under the same license as the Scilab package.
// =============================================================================
// <-- CLI SHELL MODE -->
// <-- ENGLISH IMPOSED -->
// <-- LONG TIME EXECUTION -->
// Unitary test for conversion of Matlab function: ISA
exec("SCI/modules/m2sci/tests/unit_tests/utils/m2sciTestConversionNoExe.sci", -1);
mprintf("%s\n", m2sciTestConversionNoExe("ISA"));
  ****** Beginning of mfile2sci() session ******
  File to convert: SCI/modules/m2sci/tests/unit_tests/mfilesnoexec/ISA.m
  Result file path: TMPDIR/
  Recursive mode: OFF
  Only double values used in M-file: NO
  Verbose mode: -1
  Generate formated code: YES
  M-file reading...
  M-file reading: Done
  Syntax modification...
  Syntax modification: Done
  Macro to tree conversion...
  Conversion of M-tree...
  !! L.23: Unhandled class: user_defined_class.
  Conversion of M-tree: Done
TESTING M2SCI: creating varslist file...
  Macro to tree conversion: Done
  Translation may be wrong (see the //!! comments).
  ****** End of mfile2sci() session ******

// Display mode
mode(0);

// Display warning for floating point exception
ieee(1);

// Test file for function isa()
// Copyright INRIA
// Matlab version: 6.5.1.199709 (R13) Service Pack 1
// V.C.


a = type(x)==4
b = type(x)==10
c = or(type(x)==[1,5,8])
d = typeof(x)=="int8"
e = typeof(x)=="uint8"
f = typeof(x)=="int16"
g = typeof(x)=="uint16"
h = typeof(x)=="int32"
k = typeof(x)=="uint32"
l = type(x)==1
m = type(x)==1
n = typeof(x)=="ce"
o = typeof(x)=="st"
p = type(x)==13
q = type(x)==5
r = typeof(x)=="state-space"
s = isa(x,"user_defined_class")

t = mtlb_isa(x,class)
