// =============================================================================
// Scilab ( http://www.scilab.org/ ) - This file is part of Scilab
// Copyright (C) 2008 - DIGITEO - Allan CORNET
//
//  This file is distributed under the same license as the Scilab package.
// =============================================================================
// <-- Non-regression test for bug 3306 -->
//
// <-- Bugzilla URL -->
// http://bugzilla.scilab.org/show_bug.cgi?id=3306
//
// <-- Short Description -->
// Automatic completion swallows the first completed letter when using double quotes (") around a string, while it gives good
// <-- ENGLISH IMPOSED -->
// <-- JVM NOT MANDATORY -->
   Generate a gateway file
   Generate a loader file
   Generate a Makefile
   ilib_gen_Make: Copy compilation files (Makefile*, libtool...) to TMPDIR
   ilib_gen_Make: Copy sci_completeline.c to TMPDIR
   ilib_gen_Make: Copy sci_getpartlevel.c to TMPDIR
   ilib_gen_Make: Copy sci_getfilepartlevel.c to TMPDIR
   ilib_gen_Make: Copy sci_getcommonpart.c to TMPDIR
   ilib_gen_Make: Copy libcompletion_c.c to TMPDIR
   ilib_gen_Make: configure : Generate Makefile.
   ilib_gen_Make: Modification of the Makefile in TMPDIR.
   Running the makefile
if ierr<>0 then bugmes();quit;end
Shared archive loaded.
Link done.
Shared archive loaded.
Link done.
if ierr<>0 then bugmes();quit;end
fd = mopen(TMPDIR+'/foofile.ext','wt');
mclose(fd);
cd TMPDIR;
//scipad('foof[TAB]
currentline = "scipad(''foof";
r = getfilepartlevel(currentline);
if r <> 'foof' then bugmes();quit;end;
r = completion(getfilepartlevel(currentline));
if r <> 'foofile.ext' then bugmes();quit;end
r = completeline(currentline,'foofile.ext',getpartlevel(currentline),getfilepartlevel(currentline),%t);
if r <> 'scipad(''foofile.ext' then bugmes();quit;end;
//scipad("foof[TAB]
currentline = "scipad(""foof";
r = getfilepartlevel(currentline);
if r <> 'foof' then bugmes();quit;end
r = completion(getfilepartlevel(currentline));
if r <> 'foofile.ext' then bugmes();quit;end
r = completeline(currentline,'foofile.ext',getfilepartlevel(currentline),getpartlevel(currentline),%t);
if r <> 'scipad(""foofile.ext' then bugmes();quit;end;
