// Scilab ( http://www.scilab.org/ ) - This file is part of Scilab
// Copyright (C) 2011 - DIGITEO - Michael Baudin
//
// Copyright (C) 2012 - 2016 - Scilab Enterprises
//
// This file is hereby licensed under the terms of the GNU GPL v2.0,
// pursuant to article 5.3.4 of the CeCILL v.2.1.
// This file was originally licensed under the terms of the CeCILL v2.1,
// and continues to be available under such terms.
// For more information, see the COPYING file which you should have received
// along with this program.
// <-- CLI SHELL MODE -->
// <-- ENGLISH IMPOSED -->
// <-- NO CHECK REF -->
// This test is designed to produce a warning:
// this warning is localized.
// This is why we do not check the ref.
// Checking the ref file under Linux fails, because
// <-- ENGLISH IMPOSED --> has no effect there.
// See : http://bugzilla.scilab.org/show_bug.cgi?id=9284
function [ y , index ] = rosenbrock ( x , index )
  y = 100*(x(2)-x(1)^2)^2 + (1-x(1))^2;
endfunction
//
// Check backward compatibility:
// check obsolete options "-myterminateflag" and "-myterminate".
//
function [ this , terminate , status ] = mystoppingrule2 ( this , simplex )
  ssize = optimsimplex_size ( simplex , "sigmaplus" );
  if ( ssize < 1.e-2 ) then
    terminate = %t;
    status = "mysize";
  else
    terminate = %f
  end
endfunction
//
// Test with my own termination criteria 
//
nm = neldermead_new ();
nm = neldermead_configure(nm,"-numberofvariables",2);
nm = neldermead_configure(nm,"-function",rosenbrock);
nm = neldermead_configure(nm,"-x0",[1.1 1.1]');
nm = neldermead_configure(nm,"-maxiter",%inf);
nm = neldermead_configure(nm,"-maxfunevals",%inf);
nm = neldermead_configure(nm,"-method","variable");
// Disable default terminations
nm = neldermead_configure(nm,"-tolxmethod",%f);
nm = neldermead_configure(nm,"-tolsimplexizemethod",%f);
nm = neldermead_configure(nm,"-myterminateflag",%t);
WARNING: Option -myterminateflag is obsolete.
         Please use -outputcommand instead.
         This feature will be permanently removed in Scilab 5.4.1

nm = neldermead_configure(nm,"-myterminate",mystoppingrule2);
WARNING: Option -myterminate is obsolete.
         Please use -outputcommand instead.
         This feature will be permanently removed in Scilab 5.4.1

//
// Check cget
value = neldermead_cget(nm,"-myterminateflag");
assert_checktrue ( value );
//
value = neldermead_cget(nm,"-myterminate");
assert_checkequal ( typeof(value) , "function" );
//
nm = neldermead_search(nm);
// Check optimum point
xopt = neldermead_get(nm,"-xopt");
assert_checkalmostequal ( xopt , [1.0 1.0]', 1e-2 );
// Check optimum point value
fopt = neldermead_get(nm,"-fopt");
assert_checkalmostequal ( fopt , 0.0 , [] , 1e-4 );
// Check status
status = neldermead_get(nm,"-status");
assert_checkequal ( status , "mysize" );
nm = neldermead_destroy(nm);
