//<-- CLI SHELL MODE -->
// =============================================================================
// Scilab ( http://www.scilab.org/ ) - This file is part of Scilab
// Copyright (C) 2009 - DIGITEO
//
//  This file is distributed under the same license as the Scilab package.
// =============================================================================
cd(TMPDIR);
exec(SCI+"/modules/localization/tests/unit_tests/CreateDir.sce", -1);
tab_ref = [
"世界您好",
"азеазея",
"ハロー・ワールド",
"حريات وحقوق",
"תוכנית"];
f = ["function toto()";
"disp(string(1))";
"endfunction"];
for i = 1 : size(tab_ref,'*')
  fz = TMPDIR + filesep() + 'dir_' + tab_ref(i) + filesep() + 'file_' + tab_ref(i);
  mputl(f,TMPDIR + filesep() + 'dir_' + tab_ref(i) + filesep() + 'toto.sci');
  genlib('toto'+string(i) , TMPDIR+ filesep() + 'dir_' + tab_ref(i) + filesep());
  if libraryinfo('toto'+string(i)) <> 'toto' then bugmes();quit;end
end
