 
getf SCI/util/testexamples.sci
 
reinit_for_test()
 
%U=mopen('SCI/tests/automatic_tests/TK_SetVar_data.ref','rb');
 
TK_EvalStr('toplevel0.tst2');

Warning TK_EvalStr obsolete please use TCL_EvalStr.
 
// creates a toplevel TK window.
 
TK_EvalStr('label0.tst2.l -textvariable tvar');

Warning TK_EvalStr obsolete please use TCL_EvalStr.
 
// create a static label
 
TK_EvalStr('pack0.tst2.l');

Warning TK_EvalStr obsolete please use TCL_EvalStr.
 
// pack the label widget. It appears on the screen.
 
TK_SetVar('tvar', 'This text has been set directly within scilab');

Warning TK_SetVar obsolete please use TCL_SetVar.
 
 
//destroy toplevel  TK window.
 
%ans = TK_EvalStr('destroy0.tst2');

Warning TK_EvalStr obsolete please use TCL_EvalStr.
 
if load_ref('%ans') then   bugmes();quit;end,
 
 
 
 
xdel_run(winsid());
 
 
mclose(%U);
 
