//%i|1 1|Double|Complex
//%i|1 1|Double|Complex
//%nan|1 1|Double|Real
//%nan|1 1|Double|Real
//%inf|1 1|Double|Real
//%inf|1 1|Double|Real
//$|1 1|Double|Real
//%pi|1 1|Double|Real
//%eps|1 1|Double|Real
//varargout|-1 -1|Cell|Unknown
//%shortcircuit|1 1|Double|Real
//res1|1 2|Double|Real
//res2|1 2|Double|Real
//res3|1 2|Double|Real
//res4|1 2|Double|Real
//res5|1 2|Double|Real
//res6|1 2|Double|Real
//res7|1 2|Double|Real
//res8|1 2|Double|Real
//res9|1 2|Double|Real
//res10|1 2|Double|Real
//res11|1 2|Double|Real
//res12|1 2|Double|Real
//res13|1 2|Double|Real
//res14|1 2|Double|Real
//res15|1 2|Double|Real
//res16|1 2|Double|Real
//res17|1 2|Double|Real
//res18|1 2|Double|Real
//res19|1 2|Double|Real
//res20|1 2|Double|Real
//res21|1 2|Double|Real
//res22|1 2|Double|Real
//res23|1 2|Double|Real
//res24|1 2|Double|Real
//res25|1 2|Double|Real
//res26|1 2|Double|Real
//res27|1 2|Double|Real
//res28|1 2|Double|Real
//res29|1 2|Double|Real
//res30|1 2|Double|Real
//res31|1 2|Double|Real
//res32|1 2|Double|Real
//res33|1 2|Double|Real
//res34|1 2|Double|Real
//res35|1 2|Double|Real
//res36|1 2|Double|Real
//res37|1 2|Double|Real
//res38|1 2|Double|Real
//res39|1 2|Double|Real
//res40|1 2|Double|Real
//res41|1 2|Double|Real
//res42|1 2|Double|Real
//res43|1 2|Double|Real
//res44|1 2|Double|Real
//res45|1 2|Double|Real
//res46|1 2|Double|Real
//res47|1 2|Double|Real
//res48|1 2|Double|Real
//res49|1 2|Double|Real
//res50|1 2|Double|Real
//res51|1 2|Double|Real
//res52|1 2|Double|Real
//res53|1 2|Double|Real
//res54|1 2|Double|Real
//res55|1 1|Double|Real
//res56|1 1|Double|Real
//res57|1 1|Double|Real
//res58|1 1|Double|Real
//res59|1 1|Double|Real
//res60|1 1|Double|Real
//res61|1 1|Double|Real
//res62|1 1|Double|Real
//res63|1 1|Double|Real
//res64|1 1|Double|Real
//res65|1 1|Double|Real
//res66|1 1|Double|Real
//res67|1 1|Double|Real
//res68|1 1|Double|Real
//res69|1 1|Double|Real
//res70|1 1|Double|Real
//res71|1 1|Double|Real
//res72|1 1|Double|Real
//res73|1 1|Double|Real
//res74|1 1|Double|Real
//res75|1 1|Double|Real
//res76|1 1|Double|Real
//res77|1 1|Double|Real
//res78|1 1|Double|Real
//res79|1 1|Double|Real
//res80|1 1|Double|Real
//res81|1 1|Double|Real
//res82|1 1|Double|Real
//res83|1 1|Double|Real
//res84|1 1|Double|Real
//res85|1 1|Double|Real
//res86|1 1|Double|Real
//res87|1 1|Double|Real
//res88|1 1|Double|Real
//res89|1 1|Double|Real
//res90|1 1|Double|Real
//res91|1 1|Double|Real
//res92|1 1|Double|Real
//res93|1 1|Double|Real
//res94|1 1|Double|Real
//res95|1 1|Double|Real
//res96|1 1|Double|Real
//res97|1 1|Double|Real
//res98|1 1|Double|Real
//res99|1 1|Double|Real
//res100|1 1|Double|Real
//res101|1 1|Double|Real
//res102|1 1|Double|Real
//res103|1 1|Double|Real
//res104|1 1|Double|Real
//res105|1 1|Double|Real
//res106|1 1|Double|Real
//res107|1 1|Double|Real
//res108|1 1|Double|Real
//res109|1 1|Double|Real
//res110|1 1|Double|Real
//res111|1 1|Double|Real
//res112|1 1|Double|Real
//res113|1 1|Double|Real
//res114|1 1|Double|Real
//res115|1 1|Double|Real
//res116|1 1|Double|Real
//res117|1 1|Double|Real
//res118|1 1|Double|Real
//res119|1 1|Double|Real
//res120|1 1|Double|Real
//res121|1 1|Double|Real
//res122|1 1|Double|Real
//res123|1 1|Double|Real
//res124|1 1|Double|Real
//res125|1 1|Double|Real
//res126|1 1|Double|Real
//res127|1 1|Double|Real
//res128|1 1|Double|Real
//res129|1 1|Double|Real
//res130|1 1|Double|Real
//res131|1 1|Double|Real
//res132|1 1|Double|Real
//res133|1 1|Double|Real
//res134|1 1|Double|Real
//res135|1 1|Double|Real
//res136|1 1|Double|Real
//res137|1 1|Double|Real
//res138|1 1|Double|Real
//res139|1 1|Double|Real
//res140|1 1|Double|Real
//res141|1 1|Double|Real
//res142|1 1|Double|Real
//res143|1 1|Double|Real
//res144|1 1|Double|Real
//res145|1 1|Double|Real
//res146|1 1|Double|Real
//res147|1 1|Double|Real
//res148|1 1|Double|Real
//res149|1 1|Double|Real
//res150|1 1|Double|Real
//res151|1 1|Double|Real
//res152|1 1|Double|Real
//res153|1 1|Double|Real
//res154|1 1|Double|Real
//res155|1 1|Double|Real
//res156|1 1|Double|Real
//res157|1 1|Double|Real
//res158|1 1|Double|Real
//res159|1 1|Double|Real
//res160|1 1|Double|Real
//res161|1 1|Double|Real
//res162|1 1|Double|Real
//res163|1 1|Double|Real
//res164|1 1|Double|Real
//res165|1 1|Double|Real
//res166|1 1|Double|Real
//res167|1 1|Double|Real
//res168|1 1|Double|Real
//res169|1 1|Double|Real
//res170|1 1|Double|Real
//res171|1 1|Double|Real
//res172|1 1|Double|Real
//res173|1 1|Double|Real
//res174|1 1|Double|Real
//res175|1 1|Double|Real
//res176|1 1|Double|Real
//res177|1 1|Double|Real
//res178|1 1|Double|Real
//res179|1 1|Double|Real
//res180|1 1|Double|Real
//res181|1 1|Double|Real
//res182|1 1|Double|Real
//res183|1 1|Double|Real
//res184|1 1|Double|Real
//res185|1 1|Double|Real
//res186|1 1|Double|Real
//res187|1 1|Double|Real
//res188|1 1|Double|Real
//res189|1 1|Double|Real
//res190|1 1|Double|Real
//res191|1 1|Double|Real
//res192|1 1|Double|Real
//res193|1 1|Double|Real
//res194|1 1|Double|Real
//res195|1 1|Double|Real
//res196|1 1|Double|Real
//res197|1 1|Double|Real
//res198|1 1|Double|Real
//res199|1 1|Double|Real
//res200|1 1|Double|Real
//res201|1 1|Double|Real
//res202|1 1|Double|Real
//res203|1 1|Double|Real
//res204|1 1|Double|Real
//res205|1 1|Double|Real
//res206|1 1|Double|Real
//res207|1 1|Double|Real
//res208|1 1|Double|Real
//res209|1 1|Double|Real
//res210|1 1|Double|Real
//res211|1 1|Double|Real
//res212|1 1|Double|Real
//res213|1 1|Double|Real
//res214|1 1|Double|Real
//res215|1 1|Double|Real
//res216|1 1|Double|Real
//res217|1 1|Double|Real
//res218|1 1|Double|Real
//res219|1 1|Double|Real
//res220|1 1|Double|Real
//res221|1 1|Double|Real
//res222|1 1|Double|Real
//res223|1 1|Double|Real
//res224|1 1|Double|Real
//res225|1 1|Double|Real
//res226|1 1|Double|Real
//res227|1 1|Double|Real
//res228|1 1|Double|Real
//res229|1 1|Double|Real
//res230|1 1|Double|Real
//res231|1 1|Double|Real
//res232|1 1|Double|Real
//res233|1 1|Double|Real
//res234|1 1|Double|Real
//res235|1 1|Double|Real
//res236|1 1|Double|Real
//res237|1 1|Double|Real
//res238|1 1|Double|Real
//res239|1 1|Double|Real
//res240|1 1|Double|Real
//res241|1 1|Double|Real
//res242|1 1|Double|Real
//res243|1 1|Double|Real
//res244|1 1|Double|Real
//res245|1 1|Double|Real
//res246|1 1|Double|Real
//res247|1 1|Double|Real
//res248|1 1|Double|Real
//res249|1 1|Double|Real
//res250|1 1|Double|Real
//res251|1 1|Double|Real
//res252|1 1|Double|Real
//res253|1 1|Double|Real
//res254|1 1|Double|Real
//res255|1 1|Double|Real
//res256|1 1|Double|Real
//res257|1 1|Double|Real
//res258|1 1|Double|Real
//res259|1 1|Double|Real
//res260|1 1|Double|Real
//res261|1 1|Double|Real
//res262|1 1|Double|Real
//res263|1 1|Double|Real
//res264|1 1|Double|Real
//res265|1 1|Double|Real
//res266|1 1|Double|Real
//res267|1 1|Double|Real
//res268|1 1|Double|Real
//res269|1 1|Double|Real
//res270|1 1|Double|Real
//res271|1 1|Double|Real
//res272|1 1|Double|Real
//res273|1 1|Double|Real
//res274|1 1|Double|Real
//res275|1 1|Double|Real
//res276|1 1|Double|Real
//res277|1 1|Double|Real
//res278|1 1|Double|Real
//res279|1 1|Double|Real
//res280|1 1|Double|Real
//res281|1 1|Double|Real
//res282|1 1|Double|Real
//res283|1 1|Double|Real
//res284|1 1|Double|Real
//res285|1 1|Double|Real
//res286|1 1|Double|Real
//res287|1 1|Double|Real
//res288|1 1|Double|Real
//res289|1 1|Double|Real
//res290|1 1|Double|Real
//res291|1 1|Double|Real
//res292|1 1|Double|Real
//res293|1 1|Double|Real
//res294|1 1|Double|Real
//res295|1 1|Double|Real
//res296|1 1|Double|Real
//res297|1 1|Double|Real
//res298|1 1|Double|Real
//res299|1 1|Double|Real
//res300|1 1|Double|Real
//res301|1 1|Double|Real
//res302|1 1|Double|Real
//res303|1 1|Double|Real
//res304|1 1|Double|Real
//res305|1 1|Double|Real
//res306|1 1|Double|Real
//res307|1 1|Double|Real
//res308|1 1|Double|Real
//res309|1 1|Double|Real
//res310|1 1|Double|Real
//res311|1 1|Double|Real
//res312|1 1|Double|Real
//res313|1 1|Double|Real
//res314|1 1|Double|Real
//res315|1 1|Double|Real
//res316|1 1|Double|Real
//res317|1 1|Double|Real
//res318|1 1|Double|Real
//res319|1 1|Double|Real
//res320|1 1|Double|Real
//res321|1 1|Double|Real
//res322|1 1|Double|Real
//res323|1 1|Double|Real
//res324|1 1|Double|Real
