//%i|1 1|Double|Complex
//%i|1 1|Double|Complex
//%nan|1 1|Double|Real
//%nan|1 1|Double|Real
//%inf|1 1|Double|Real
//%inf|1 1|Double|Real
//$|1 1|Double|Real
//%pi|1 1|Double|Real
//%eps|1 1|Double|Real
//varargout|-1 -1|Cell|Unknown
//%shortcircuit|1 1|Double|Real
//res1|0 0|Double|Real
//res2|0 0|Unknown|Unknown
//res3|-1 -1|Double|Real
//res4|1 1|Double|Real
//res5|1 3|Double|Real
//res6|3 1|Double|Real
//res7|2 3|Double|Real
//res8|1 1|Unknown|Unknown
//res9|1 3|Unknown|Unknown
//res10|3 1|Unknown|Unknown
//res11|2 3|Unknown|Unknown
//res12|-1 -1|Double|Real
//res13|-1 -1|Double|Real
//res14|-1 -1|Double|Real
//res15|-1 -1|Double|Real
//res16|1 1|Double|Complex
//res17|1 3|Double|Complex
//res18|3 1|Double|Complex
//res19|2 3|Double|Complex
//res20|1 1|Unknown|Unknown
//res21|1 3|Unknown|Unknown
//res22|3 1|Unknown|Unknown
//res23|2 3|Unknown|Unknown
//res24|-1 -1|Double|Complex
//res25|-1 -1|Double|Complex
//res26|-1 -1|Double|Complex
//res27|-1 -1|Double|Complex
//res28|1 1|String|Real
//res29|1 4|String|Real
//res30|1 12|String|Real
//res31|3 4|String|Real
//res32|2 12|String|Real
//res33|1 1|Unknown|Unknown
//res34|1 4|Unknown|Unknown
//res35|1 12|Unknown|Unknown
//res36|3 4|Unknown|Unknown
//res37|2 12|Unknown|Unknown
//res38|-1 -1|String|Real
//res39|-1 -1|String|Real
//res40|-1 -1|String|Real
//res41|-1 -1|String|Real
//res42|-1 -1|String|Real
//res43|0 0|Double|Real
//res44|0 0|Unknown|Unknown
//res45|-1 -1|Double|Real
//res46|1 1|Double|Real
//res47|1 3|Double|Real
//res48|3 1|Double|Real
//res49|2 3|Double|Real
//res50|1 1|Unknown|Unknown
//res51|1 3|Unknown|Unknown
//res52|3 1|Unknown|Unknown
//res53|2 3|Unknown|Unknown
//res54|-1 -1|Double|Real
//res55|-1 -1|Double|Real
//res56|-1 -1|Double|Real
//res57|-1 -1|Double|Real
//res58|1 1|Double|Complex
//res59|1 3|Double|Complex
//res60|3 1|Double|Complex
//res61|2 3|Double|Complex
//res62|1 1|Unknown|Unknown
//res63|1 3|Unknown|Unknown
//res64|3 1|Unknown|Unknown
//res65|2 3|Unknown|Unknown
//res66|-1 -1|Double|Complex
//res67|-1 -1|Double|Complex
//res68|-1 -1|Double|Complex
//res69|-1 -1|Double|Complex
//res70|1 1|String|Real
//res71|1 4|String|Real
//res72|1 12|String|Real
//res73|3 4|String|Real
//res74|2 12|String|Real
//res75|1 1|Unknown|Unknown
//res76|1 4|Unknown|Unknown
//res77|1 12|Unknown|Unknown
//res78|3 4|Unknown|Unknown
//res79|2 12|Unknown|Unknown
//res80|-1 -1|String|Real
//res81|-1 -1|String|Real
//res82|-1 -1|String|Real
//res83|-1 -1|String|Real
//res84|-1 -1|String|Real
//res85|0 0|Double|Real
//res86|0 0|Unknown|Unknown
//res87|-1 -1|Double|Real
//res88|1 1|Double|Real
//res89|1 3|Double|Real
//res90|3 1|Double|Real
//res91|2 3|Double|Real
//res92|1 1|Unknown|Unknown
//res93|1 3|Unknown|Unknown
//res94|3 1|Unknown|Unknown
//res95|2 3|Unknown|Unknown
//res96|-1 -1|Double|Real
//res97|-1 -1|Double|Real
//res98|-1 -1|Double|Real
//res99|-1 -1|Double|Real
//res100|1 1|Double|Complex
//res101|1 3|Double|Complex
//res102|3 1|Double|Complex
//res103|2 3|Double|Complex
//res104|1 1|Unknown|Unknown
//res105|1 3|Unknown|Unknown
//res106|3 1|Unknown|Unknown
//res107|2 3|Unknown|Unknown
//res108|-1 -1|Double|Complex
//res109|-1 -1|Double|Complex
//res110|-1 -1|Double|Complex
//res111|-1 -1|Double|Complex
//res112|1 1|String|Real
//res113|1 4|String|Real
//res114|1 12|String|Real
//res115|3 4|String|Real
//res116|2 12|String|Real
//res117|1 1|Unknown|Unknown
//res118|1 4|Unknown|Unknown
//res119|1 12|Unknown|Unknown
//res120|3 4|Unknown|Unknown
//res121|2 12|Unknown|Unknown
//res122|-1 -1|String|Real
//res123|-1 -1|String|Real
//res124|-1 -1|String|Real
//res125|-1 -1|String|Real
//res126|-1 -1|String|Real
//res127|0 0|Double|Real
//res128|0 0|Double|Real
//res129|0 0|Unknown|Unknown
//res130|0 0|Double|Real
//res131|-1 -1|Double|Real
//res132|-1 -1|Double|Real
//res133|1 1|Double|Real
//res134|1 1|Double|Real
//res135|1 3|Double|Real
//res136|1 3|Double|Real
//res137|3 1|Double|Real
//res138|3 1|Double|Real
//res139|2 3|Double|Real
//res140|2 3|Double|Real
//res141|1 1|Unknown|Unknown
//res142|1 1|Double|Real
//res143|1 3|Unknown|Unknown
//res144|1 3|Double|Real
//res145|3 1|Unknown|Unknown
//res146|3 1|Double|Real
//res147|2 3|Unknown|Unknown
//res148|2 3|Double|Real
//res149|-1 -1|Double|Real
//res150|-1 -1|Double|Real
//res151|-1 -1|Double|Real
//res152|-1 -1|Double|Real
//res153|-1 -1|Double|Real
//res154|-1 -1|Double|Real
//res155|-1 -1|Double|Real
//res156|-1 -1|Double|Real
//res157|1 1|Double|Complex
//res158|1 1|Double|Real
//res159|1 3|Double|Complex
//res160|1 3|Double|Real
//res161|3 1|Double|Complex
//res162|3 1|Double|Real
//res163|2 3|Double|Complex
//res164|2 3|Double|Real
//res165|1 1|Unknown|Unknown
//res166|1 1|Double|Real
//res167|1 3|Unknown|Unknown
//res168|1 3|Double|Real
//res169|3 1|Unknown|Unknown
//res170|3 1|Double|Real
//res171|2 3|Unknown|Unknown
//res172|2 3|Double|Real
//res173|-1 -1|Double|Complex
//res174|-1 -1|Double|Real
//res175|-1 -1|Double|Complex
//res176|-1 -1|Double|Real
//res177|-1 -1|Double|Complex
//res178|-1 -1|Double|Real
//res179|-1 -1|Double|Complex
//res180|-1 -1|Double|Real
//res181|1 1|String|Real
//res182|1 1|Double|Real
//res183|1 4|String|Real
//res184|1 4|Double|Real
//res185|1 12|String|Real
//res186|1 12|Double|Real
//res187|3 4|String|Real
//res188|3 4|Double|Real
//res189|2 12|String|Real
//res190|2 12|Double|Real
//res191|1 1|Unknown|Unknown
//res192|1 1|Double|Real
//res193|1 4|Unknown|Unknown
//res194|1 4|Double|Real
//res195|1 12|Unknown|Unknown
//res196|1 12|Double|Real
//res197|3 4|Unknown|Unknown
//res198|3 4|Double|Real
//res199|2 12|Unknown|Unknown
//res200|2 12|Double|Real
//res201|-1 -1|String|Real
//res202|-1 -1|Double|Real
//res203|-1 -1|String|Real
//res204|-1 -1|Double|Real
//res205|-1 -1|String|Real
//res206|-1 -1|Double|Real
//res207|-1 -1|String|Real
//res208|-1 -1|Double|Real
//res209|-1 -1|String|Real
//res210|-1 -1|Double|Real
//res211|0 0|Double|Real
//res212|0 0|Double|Real
//res213|0 0|Unknown|Unknown
//res214|0 0|Double|Real
//res215|-1 -1|Double|Real
//res216|-1 -1|Double|Real
//res217|1 1|Double|Real
//res218|1 1|Double|Real
//res219|1 3|Double|Real
//res220|1 3|Double|Real
//res221|3 1|Double|Real
//res222|3 1|Double|Real
//res223|2 3|Double|Real
//res224|2 3|Double|Real
//res225|1 1|Unknown|Unknown
//res226|1 1|Double|Real
//res227|1 3|Unknown|Unknown
//res228|1 3|Double|Real
//res229|3 1|Unknown|Unknown
//res230|3 1|Double|Real
//res231|2 3|Unknown|Unknown
//res232|2 3|Double|Real
//res233|-1 -1|Double|Real
//res234|-1 -1|Double|Real
//res235|-1 -1|Double|Real
//res236|-1 -1|Double|Real
//res237|-1 -1|Double|Real
//res238|-1 -1|Double|Real
//res239|-1 -1|Double|Real
//res240|-1 -1|Double|Real
//res241|1 1|Double|Complex
//res242|1 1|Double|Real
//res243|1 3|Double|Complex
//res244|1 3|Double|Real
//res245|3 1|Double|Complex
//res246|3 1|Double|Real
//res247|2 3|Double|Complex
//res248|2 3|Double|Real
//res249|1 1|Unknown|Unknown
//res250|1 1|Double|Real
//res251|1 3|Unknown|Unknown
//res252|1 3|Double|Real
//res253|3 1|Unknown|Unknown
//res254|3 1|Double|Real
//res255|2 3|Unknown|Unknown
//res256|2 3|Double|Real
//res257|-1 -1|Double|Complex
//res258|-1 -1|Double|Real
//res259|-1 -1|Double|Complex
//res260|-1 -1|Double|Real
//res261|-1 -1|Double|Complex
//res262|-1 -1|Double|Real
//res263|-1 -1|Double|Complex
//res264|-1 -1|Double|Real
//res265|1 1|String|Real
//res266|1 1|Double|Real
//res267|1 4|String|Real
//res268|1 4|Double|Real
//res269|1 12|String|Real
//res270|1 12|Double|Real
//res271|3 4|String|Real
//res272|3 4|Double|Real
//res273|2 12|String|Real
//res274|2 12|Double|Real
//res275|1 1|Unknown|Unknown
//res276|1 1|Double|Real
//res277|1 4|Unknown|Unknown
//res278|1 4|Double|Real
//res279|1 12|Unknown|Unknown
//res280|1 12|Double|Real
//res281|3 4|Unknown|Unknown
//res282|3 4|Double|Real
//res283|2 12|Unknown|Unknown
//res284|2 12|Double|Real
//res285|-1 -1|String|Real
//res286|-1 -1|Double|Real
//res287|-1 -1|String|Real
//res288|-1 -1|Double|Real
//res289|-1 -1|String|Real
//res290|-1 -1|Double|Real
//res291|-1 -1|String|Real
//res292|-1 -1|Double|Real
//res293|-1 -1|String|Real
//res294|-1 -1|Double|Real
//res295|0 0|Double|Real
//res296|0 0|Double|Real
//res297|0 0|Unknown|Unknown
//res298|0 0|Double|Real
//res299|-1 -1|Double|Real
//res300|-1 -1|Double|Real
//res301|1 1|Double|Real
//res302|1 1|Double|Real
//res303|1 3|Double|Real
//res304|1 3|Double|Real
//res305|3 1|Double|Real
//res306|3 1|Double|Real
//res307|2 3|Double|Real
//res308|2 3|Double|Real
//res309|1 1|Unknown|Unknown
//res310|1 1|Double|Real
//res311|1 3|Unknown|Unknown
//res312|1 3|Double|Real
//res313|3 1|Unknown|Unknown
//res314|3 1|Double|Real
//res315|2 3|Unknown|Unknown
//res316|2 3|Double|Real
//res317|-1 -1|Double|Real
//res318|-1 -1|Double|Real
//res319|-1 -1|Double|Real
//res320|-1 -1|Double|Real
//res321|-1 -1|Double|Real
//res322|-1 -1|Double|Real
//res323|-1 -1|Double|Real
//res324|-1 -1|Double|Real
//res325|1 1|Double|Complex
//res326|1 1|Double|Real
//res327|1 3|Double|Complex
//res328|1 3|Double|Real
//res329|3 1|Double|Complex
//res330|3 1|Double|Real
//res331|2 3|Double|Complex
//res332|2 3|Double|Real
//res333|1 1|Unknown|Unknown
//res334|1 1|Double|Real
//res335|1 3|Unknown|Unknown
//res336|1 3|Double|Real
//res337|3 1|Unknown|Unknown
//res338|3 1|Double|Real
//res339|2 3|Unknown|Unknown
//res340|2 3|Double|Real
//res341|-1 -1|Double|Complex
//res342|-1 -1|Double|Real
//res343|-1 -1|Double|Complex
//res344|-1 -1|Double|Real
//res345|-1 -1|Double|Complex
//res346|-1 -1|Double|Real
//res347|-1 -1|Double|Complex
//res348|-1 -1|Double|Real
//res349|1 1|String|Real
//res350|1 1|Double|Real
//res351|1 4|String|Real
//res352|1 4|Double|Real
//res353|1 12|String|Real
//res354|1 12|Double|Real
//res355|3 4|String|Real
//res356|3 4|Double|Real
//res357|2 12|String|Real
//res358|2 12|Double|Real
//res359|1 1|Unknown|Unknown
//res360|1 1|Double|Real
//res361|1 4|Unknown|Unknown
//res362|1 4|Double|Real
//res363|1 12|Unknown|Unknown
//res364|1 12|Double|Real
//res365|3 4|Unknown|Unknown
//res366|3 4|Double|Real
//res367|2 12|Unknown|Unknown
//res368|2 12|Double|Real
//res369|-1 -1|String|Real
//res370|-1 -1|Double|Real
//res371|-1 -1|String|Real
//res372|-1 -1|Double|Real
//res373|-1 -1|String|Real
//res374|-1 -1|Double|Real
//res375|-1 -1|String|Real
//res376|-1 -1|Double|Real
//res377|-1 -1|String|Real
//res378|-1 -1|Double|Real
