#include <mex.h> 
static int direct_gateway(char *fname,void F(void)) { F();return 0;};
extern Gatefunc mex_mexfunction15;
static GenericTable Tab[]={
  {mex_gateway,mex_mexfunction15,"mexf15"},
};
 
int C2F(libmex)()
{
  Rhs = Max(0, Rhs);
  (*(Tab[Fin-1].f))(Tab[Fin-1].name,Tab[Fin-1].F);
  return 0;
}
